// Jest Snapshot v1, https://goo.gl/fbAQLP

exports[`Haciendo pruebas del componente <ResultsScreen /> Debe mostrar el componente <ResultsScreen /> 1`] = `""`;
